
Allocating common symbols
Common symbol       size              file

cmdbuf              0x100             shell.o
gp                  0x6               gdt.o
idtp                0x6               idt.o
ata_buf2            0x200             ata.o
gdt                 0x28              gdt.o
prog                0x1000            fat32.o
dirbuf2             0x200             shell.o
tss_high            0x2               kmain.o
i                   0x4               kmain.o
heap_space          0x100000          heap.o
exec_page_table     0x1000            paging.o
frbuf               0xc               heap.o
tss_low             0x1               kmain.o
kfreebuf            0x4               heap.o
argbuf              0x100             shell.o
idt                 0x800             idt.o
kbdbuf              0x100             keyboard.o
dirbuf              0x200             shell.o
ata_buf             0x200             ata.o
kernel_proc         0x4               tasking.o
frsbuf              0x10              heap.o
page_directory      0x1000            paging.o
frames              0x2000            heap.o
input_i             0x1               keyboard.o
currentfat32part    0x28              fat32.o
current_proc        0x4               tasking.o

Memory Configuration

Name             Origin             Length             Attributes
*default*        0x0000000000000000 0xffffffffffffffff

Linker script and memory map

LOAD ata.o
LOAD common.o
LOAD ehci.o
LOAD elf.o
LOAD ext2.o
LOAD fat32.o
LOAD gdt.o
LOAD heap.o
LOAD idt.o
LOAD irq.o
LOAD isr.o
LOAD keyboard.o
LOAD kmain.o
LOAD paging.o
LOAD pci.o
LOAD pit.o
LOAD shell.o
LOAD startup.o
LOAD stdio.o
LOAD syscall.o
LOAD tasking.o
LOAD tss.o
LOAD vfs.o
                0x00000000c0100000                . = 0xc0100000
                0x00000000c0100000                krnlstart = .

.text           0x00000000c0100000     0x685f load address 0x0000000000100000
 *(.text)
 .text          0x00000000c0100000      0x1e2 ata.o
                0x00000000c0100000                prepareDisk
                0x00000000c01000cf                readSector
                0x00000000c010013c                readSectors
                0x00000000c010017f                getFirstPartition
                0x00000000c01001dc                getFSType
 .text          0x00000000c01001e2      0x7be common.o
                0x00000000c01001e2                outb
                0x00000000c0100201                outw
                0x00000000c0100222                outl
                0x00000000c010023a                inb
                0x00000000c0100257                inw
                0x00000000c0100276                inl
                0x00000000c0100292                sgn
                0x00000000c01002a9                abs
                0x00000000c01002cd                memset
                0x00000000c01002ff                memcpy
                0x00000000c0100339                numToHexString
                0x00000000c0100381                nibbleToHexString
                0x00000000c01003af                itoa
                0x00000000c010057e                isACharacter
                0x00000000c01005a4                strlen
                0x00000000c01005cc                strcmp
                0x00000000c0100653                indexOf
                0x00000000c010069d                indexOfn
                0x00000000c01006fa                substr
                0x00000000c010071d                substri
                0x00000000c0100746                substrr
                0x00000000c0100779                strcpy
                0x00000000c01007ae                countOf
                0x00000000c01007f7                contains
                0x00000000c010088d                strToInt
                0x00000000c01008e6                cli
                0x00000000c01008ed                sti
                0x00000000c01008f4                toUpper
                0x00000000c0100933                strcat
 .text          0x00000000c01009a0      0x105 ehci.o
                0x00000000c01009a0                getFirstEHCIController
                0x00000000c01009da                EHCIDebug
 .text          0x00000000c0100aa5        0x0 elf.o
 .text          0x00000000c0100aa5      0xcb7 ext2.o
                0x00000000c0100aa5                isPartitionExt2
                0x00000000c0100ad7                ext2_probe
                0x00000000c0100b27                getExt2Superblock
                0x00000000c0100b65                initExt2Partition
                0x00000000c0100ccd                ext2_getBlockGroupOfInode
                0x00000000c0100cf9                ext2_getIndexOfInode
                0x00000000c0100d27                ext2_getBlockOfInode
                0x00000000c0100d77                ext2_readInode
                0x00000000c0100e6e                ext2_listDirectory
                0x00000000c0100f81                ext2_listDirectoryEntries
                0x00000000c0101069                ext2_findFile
                0x00000000c01012de                ext2_getFile
                0x00000000c0101396                ext2_readFile
                0x00000000c0101514                ext2_read_slink
                0x00000000c01015d6                ext2_read_dlink
                0x00000000c01016a0                ext2_getSuperblock
                0x00000000c01016ab                ext2_getBlockSize
                0x00000000c01016b6                ext2_readBlock
                0x00000000c01016f8                ext2_allocBlock
                0x00000000c0101717                ext2_freeBlock
                0x00000000c010173a                ext2_blockToSector
 .text          0x00000000c010175c     0x1b3f fat32.o
                0x00000000c010175c                isPartitionFAT32
                0x00000000c01017c2                getFat32Part
                0x00000000c0101a15                listDir
                0x00000000c01020ba                listCurrentDir
                0x00000000c01020d7                changeDir
                0x00000000c010253c                getFile
                0x00000000c0102ce2                isDirectory
                0x00000000c0102cee                exists
                0x00000000c0102cfc                getClusterChainSize
                0x00000000c0102df1                getNextCluster
                0x00000000c0102ea8                printFileContents
                0x00000000c0102fde                getCurrentFat32Part
                0x00000000c0103044                executeFile
                0x00000000c010317a                printCurrentDir
                0x00000000c01031b2                getFATSectorForCluster
                0x00000000c01031c7                getClusterOfEntry
                0x00000000c010320b                setCurrentFat32part
                0x00000000c0103261                clusterToLBA
                0x00000000c0103281                clusterToLBAOther
 .text          0x00000000c010329b      0x11a gdt.o
                0x00000000c010329b                gdt_set_gate
                0x00000000c0103316                load_gdt
 .text          0x00000000c01033b5      0x513 heap.o
                0x00000000c01033b5                init_heap
                0x00000000c01033df                first_available_frame
                0x00000000c0103492                first_available_frameset
                0x00000000c01035d3                fsalloc
                0x00000000c010369b                getFrame
                0x00000000c01036d4                falloc
                0x00000000c0103759                ffree
                0x00000000c010378a                kmalloc
                0x00000000c01037d8                kfree
                0x00000000c0103863                String
                0x00000000c010389f                strfree
 .text          0x00000000c01038c8       0xa0 idt.o
                0x00000000c01038c8                idt_set_gate
                0x00000000c0103930                register_idt
 .text          0x00000000c0103968      0x2af irq.o
                0x00000000c0103968                irq_add_handler
                0x00000000c010397b                irq_remove_handler
                0x00000000c010398f                irq_remap
                0x00000000c0103a3d                irq_init
                0x00000000c0103bbb                irq_handler
 .text          0x00000000c0103c17      0x521 isr.o
                0x00000000c0103c17                isr_init
                0x00000000c0103f00                fpanic
                0x00000000c0103f47                fault_handler
                0x00000000c0104060                print_regs
 .text          0x00000000c0104138      0x1f7 keyboard.o
                0x00000000c0104138                keyboard_handler
                0x00000000c01042e5                getInput
 .text          0x00000000c010432f      0x306 kmain.o
                0x00000000c010432f                kmain
                0x00000000c0104528                kmain_late
                0x00000000c0104584                parse_mboot
                0x00000000c01045c6                interrupts_init
 .text          0x00000000c0104635      0x19e paging.o
                0x00000000c0104635                setupPaging
                0x00000000c01046b8                exec
                0x00000000c0104720                pageFaultHandler
 .text          0x00000000c01047d3      0x5b7 pci.o
                0x00000000c01047d3                PCIReadWord
                0x00000000c010487a                getPCIVendor
                0x00000000c01048d6                getPCIDevice
                0x00000000c0104a06                PCIDebug
                0x00000000c0104b82                printPCIClassCode
 .text          0x00000000c0104d8a       0xde pit.o
                0x00000000c0104d8a                pit_handler
                0x00000000c0104df4                pit_init
 .text          0x00000000c0104e68      0x873 shell.o
                0x00000000c0104e68                initShell
                0x00000000c0104ea8                dummy
                0x00000000c0104ead                shell
                0x00000000c0104fbf                progx
                0x00000000c0104fd8                findAndExecute
 *fill*         0x00000000c01056db        0x5 
 .text          0x00000000c01056e0      0x262 startup.o
                0x00000000c01056f8                start
                0x00000000c0105747                gdt_flush
                0x00000000c0105765                syscall_handler
                0x00000000c010576f                idt_load
                0x00000000c0105777                isr0
                0x00000000c010577f                isr1
                0x00000000c0105787                isr2
                0x00000000c010578f                isr3
                0x00000000c0105797                isr4
                0x00000000c010579f                isr5
                0x00000000c01057a7                isr6
                0x00000000c01057af                isr7
                0x00000000c01057b7                isr8
                0x00000000c01057bf                isr9
                0x00000000c01057c7                isr10
                0x00000000c01057cf                isr11
                0x00000000c01057d4                isr12
                0x00000000c01057d9                isr13
                0x00000000c01057de                isr14
                0x00000000c01057e3                isr15
                0x00000000c01057e8                isr16
                0x00000000c01057ed                isr17
                0x00000000c01057f2                isr18
                0x00000000c01057f7                isr19
                0x00000000c01057fe                isr20
                0x00000000c0105805                isr21
                0x00000000c010580c                isr22
                0x00000000c0105813                isr23
                0x00000000c010581a                isr24
                0x00000000c0105821                isr25
                0x00000000c0105828                isr26
                0x00000000c010582f                isr27
                0x00000000c0105836                isr28
                0x00000000c010583d                isr29
                0x00000000c0105844                isr30
                0x00000000c010584b                isr31
                0x00000000c010587b                irq0
                0x00000000c0105894                irq1
                0x00000000c010589b                irq2
                0x00000000c01058a2                irq3
                0x00000000c01058a9                irq4
                0x00000000c01058b0                irq5
                0x00000000c01058b7                irq6
                0x00000000c01058be                irq7
                0x00000000c01058c5                irq8
                0x00000000c01058cc                irq9
                0x00000000c01058d3                irq10
                0x00000000c01058da                irq11
                0x00000000c01058e1                irq12
                0x00000000c01058e8                irq13
                0x00000000c01058ef                irq14
                0x00000000c01058f6                irq15
                0x00000000c0105926                _iret
                0x00000000c0105927                load_page_dir
 .text          0x00000000c0105942      0x996 stdio.o
                0x00000000c0105942                putch
                0x00000000c0105979                print_color
                0x00000000c01059c3                print
                0x00000000c01059e5                println_color
                0x00000000c0105a1c                println
                0x00000000c0105a3e                setColor
                0x00000000c0105a56                center_print_base
                0x00000000c0105bb8                printHex
                0x00000000c0105bff                printHexw
                0x00000000c0105c72                printHexl
                0x00000000c0105d24                printNum
                0x00000000c0105d50                printf
                0x00000000c0105f34                backspace
                0x00000000c0105f72                PANIC
                0x00000000c0105fd0                putch_color
                0x00000000c01060d2                clearScreen
                0x00000000c0106136                setAllColor
                0x00000000c01061a0                center_print
                0x00000000c01061c4                update_cursor
                0x00000000c0106243                scroll
 .text          0x00000000c01062d8       0x78 syscall.o
                0x00000000c01062d8                syscallHandler
 .text          0x00000000c0106350      0x50f tasking.o
                0x00000000c0106350                kthread
                0x00000000c0106364                createProcess
                0x00000000c01064d9                getProcess
                0x00000000c0106511                printTasks
                0x00000000c0106585                __init__
                0x00000000c01065ac                preempt_now
                0x00000000c01065c1                __kill__
                0x00000000c0106663                __notify__
                0x00000000c01066a1                initTasking
                0x00000000c0106707                getCurrentProcess
                0x00000000c0106711                addProcess
                0x00000000c010676a                notify
                0x00000000c0106786                kill
                0x00000000c01067ff                preempt
 .text          0x00000000c010685f        0x0 tss.o
 .text          0x00000000c010685f        0x0 vfs.o

.iplt           0x00000000c0106860        0x0 load address 0x0000000000106860
 .iplt          0x00000000c0106860        0x0 ata.o

.eh_frame       0x00000000c0106860     0x1488 load address 0x0000000000106860
 .eh_frame      0x00000000c0106860       0xb8 ata.o
 .eh_frame      0x00000000c0106918      0x3a8 common.o
                                        0x3c0 (size before relaxing)
 .eh_frame      0x00000000c0106cc0       0x40 ehci.o
                                         0x58 (size before relaxing)
 .eh_frame      0x00000000c0106d00      0x2c0 ext2.o
                                        0x2d8 (size before relaxing)
 .eh_frame      0x00000000c0106fc0      0x2bc fat32.o
                                        0x2d4 (size before relaxing)
 .eh_frame      0x00000000c010727c       0x40 gdt.o
                                         0x58 (size before relaxing)
 .eh_frame      0x00000000c01072bc      0x178 heap.o
                                        0x190 (size before relaxing)
 .eh_frame      0x00000000c0107434       0x40 idt.o
                                         0x58 (size before relaxing)
 .eh_frame      0x00000000c0107474       0xa0 irq.o
                                         0xb8 (size before relaxing)
 .eh_frame      0x00000000c0107514       0x8c isr.o
                                         0xa4 (size before relaxing)
 .eh_frame      0x00000000c01075a0       0x40 keyboard.o
                                         0x58 (size before relaxing)
 .eh_frame      0x00000000c01075e0       0x88 kmain.o
                                         0xa0 (size before relaxing)
 .eh_frame      0x00000000c0107668       0x5c paging.o
                                         0x74 (size before relaxing)
 .eh_frame      0x00000000c01076c4       0xa4 pci.o
                                         0xbc (size before relaxing)
 .eh_frame      0x00000000c0107768       0x60 pit.o
                                         0x78 (size before relaxing)
 .eh_frame      0x00000000c01077c8       0xc0 shell.o
                                         0xd8 (size before relaxing)
 .eh_frame      0x00000000c0107888      0x280 stdio.o
                                        0x298 (size before relaxing)
 .eh_frame      0x00000000c0107b08       0x20 syscall.o
                                         0x38 (size before relaxing)
 .eh_frame      0x00000000c0107b28      0x1c0 tasking.o
                                        0x1d8 (size before relaxing)

.rodata         0x00000000c0107ce8      0xc66 load address 0x0000000000107ce8
 .rodata        0x00000000c0107ce8       0x7a ehci.o
 *fill*         0x00000000c0107d62        0x2 
 .rodata        0x00000000c0107d64       0x5a ext2.o
 *fill*         0x00000000c0107dbe        0x2 
 .rodata        0x00000000c0107dc0       0x6a fat32.o
 *fill*         0x00000000c0107e2a        0x2 
 .rodata        0x00000000c0107e2c       0x93 heap.o
 *fill*         0x00000000c0107ebf        0x1 
 .rodata        0x00000000c0107ec0      0x144 isr.o
 .rodata        0x00000000c0108004      0x16c kmain.o
 .rodata        0x00000000c0108170       0x94 paging.o
 .rodata        0x00000000c0108204      0x230 pci.o
 .rodata        0x00000000c0108434      0x3b9 shell.o
 *fill*         0x00000000c01087ed        0x3 
 .rodata        0x00000000c01087f0       0x75 stdio.o
 .rodata        0x00000000c0108865       0x10 syscall.o
 *fill*         0x00000000c0108875        0x3 
 .rodata        0x00000000c0108878       0xd6 tasking.o

.rel.dyn        0x00000000c0108950        0x0 load address 0x0000000000108950
 .rel.iplt      0x00000000c0108950        0x0 ata.o
 .rel.text      0x00000000c0108950        0x0 ata.o
 .rel.data      0x00000000c0108950        0x0 ata.o

.data           0x00000000c0109000     0x2058 load address 0x0000000000109000
 *(.data)
 .data          0x00000000c0109000        0x0 ata.o
 .data          0x00000000c0109000        0x0 common.o
 .data          0x00000000c0109000        0x0 ehci.o
 .data          0x00000000c0109000        0x0 elf.o
 .data          0x00000000c0109000        0x0 ext2.o
 .data          0x00000000c0109000        0xc fat32.o
                0x00000000c0109000                fat32sig
                0x00000000c0109004                buf
                0x00000000c0109008                buf2
 .data          0x00000000c010900c        0x0 gdt.o
 .data          0x00000000c010900c        0x0 heap.o
 .data          0x00000000c010900c        0x0 idt.o
 .data          0x00000000c010900c        0x0 irq.o
 .data          0x00000000c010900c        0x0 isr.o
 *fill*         0x00000000c010900c       0x14 
 .data          0x00000000c0109020      0x100 keyboard.o
                0x00000000c0109020                kbdus
 .data          0x00000000c0109120        0x0 kmain.o
 .data          0x00000000c0109120        0x0 paging.o
 .data          0x00000000c0109120        0x0 pci.o
 .data          0x00000000c0109120        0x0 pit.o
 .data          0x00000000c0109120        0x0 shell.o
 *fill*         0x00000000c0109120      0xee0 
 .data          0x00000000c010a000     0x104e startup.o
                0x00000000c010a000                BootPageDirectory
 *fill*         0x00000000c010b04e        0x2 
 .data          0x00000000c010b050        0x8 stdio.o
                0x00000000c010b050                ccolor
                0x00000000c010b054                vidmem
 .data          0x00000000c010b058        0x0 syscall.o
 .data          0x00000000c010b058        0x0 tasking.o
 .data          0x00000000c010b058        0x0 tss.o
 .data          0x00000000c010b058        0x0 vfs.o

.igot.plt       0x00000000c010b058        0x0 load address 0x000000000010b058
 .igot.plt      0x00000000c010b058        0x0 ata.o

.bss            0x00000000c010c000   0x10b6cd load address 0x000000000010c000
 *(COMMON)
 COMMON         0x00000000c010c000      0x400 ata.o
                0x00000000c010c000                ata_buf2
                0x00000000c010c200                ata_buf
 *fill*         0x00000000c010c400      0xc00 
 COMMON         0x00000000c010d000     0x1028 fat32.o
                0x00000000c010d000                prog
                0x00000000c010e000                currentfat32part
 *fill*         0x00000000c010e028       0x18 
 COMMON         0x00000000c010e040       0x48 gdt.o
                0x00000000c010e040                gp
                0x00000000c010e060                gdt
 *fill*         0x00000000c010e088       0x18 
 COMMON         0x00000000c010e0a0   0x102020 heap.o
                0x00000000c010e0a0                heap_space
                0x00000000c020e0a0                frbuf
                0x00000000c020e0ac                kfreebuf
                0x00000000c020e0b0                frsbuf
                0x00000000c020e0c0                frames
 COMMON         0x00000000c02100c0      0x820 idt.o
                0x00000000c02100c0                idtp
                0x00000000c02100e0                idt
 COMMON         0x00000000c02108e0      0x101 keyboard.o
                0x00000000c02108e0                kbdbuf
                0x00000000c02109e0                input_i
 *fill*         0x00000000c02109e1        0x3 
 COMMON         0x00000000c02109e4        0x9 kmain.o
                0x00000000c02109e4                tss_high
                0x00000000c02109e8                i
                0x00000000c02109ec                tss_low
 *fill*         0x00000000c02109ed      0x613 
 COMMON         0x00000000c0211000     0x2000 paging.o
                0x00000000c0211000                exec_page_table
                0x00000000c0212000                page_directory
 COMMON         0x00000000c0213000      0x600 shell.o
                0x00000000c0213000                cmdbuf
                0x00000000c0213100                dirbuf2
                0x00000000c0213300                argbuf
                0x00000000c0213400                dirbuf
 COMMON         0x00000000c0213600        0x8 tasking.o
                0x00000000c0213600                kernel_proc
                0x00000000c0213604                current_proc
 *(.bss)
 .bss           0x00000000c0213608        0x1 ata.o
                0x00000000c0213608                boot_disk
 .bss           0x00000000c0213609        0x0 common.o
 .bss           0x00000000c0213609        0x0 ehci.o
 .bss           0x00000000c0213609        0x0 elf.o
 .bss           0x00000000c0213609        0x0 ext2.o
 *fill*         0x00000000c0213609        0x3 
 .bss           0x00000000c021360c        0x4 fat32.o
                0x00000000c021360c                cdir
 .bss           0x00000000c0213610        0x0 gdt.o
 .bss           0x00000000c0213610        0x0 heap.o
 .bss           0x00000000c0213610        0x0 idt.o
 *fill*         0x00000000c0213610       0x10 
 .bss           0x00000000c0213620       0x40 irq.o
                0x00000000c0213620                irq_routines
 .bss           0x00000000c0213660        0x0 isr.o
 .bss           0x00000000c0213660        0x4 keyboard.o
                0x00000000c0213660                shift
                0x00000000c0213661                input_mode
                0x00000000c0213662                input_done
                0x00000000c0213663                shell_mode
 .bss           0x00000000c0213664       0x1c kmain.o
                0x00000000c0213664                fs
 .bss           0x00000000c0213680        0x0 paging.o
 .bss           0x00000000c0213680        0x0 pci.o
 .bss           0x00000000c0213680        0x0 pit.o
 .bss           0x00000000c0213680       0x24 shell.o
                0x00000000c0213680                exitShell
                0x00000000c0213684                currentDir
                0x00000000c0213694                fileBuf
 *fill*         0x00000000c02136a4       0x1c 
 .bss           0x00000000c02136c0     0x4000 startup.o
 .bss           0x00000000c02176c0        0x8 stdio.o
                0x00000000c02176c0                xpos
                0x00000000c02176c4                ypos
 .bss           0x00000000c02176c8        0x0 syscall.o
 .bss           0x00000000c02176c8        0x5 tasking.o
                0x00000000c02176c8                __cpid__
                0x00000000c02176cc                tasking_enabled
 .bss           0x00000000c02176cd        0x0 tss.o
 .bss           0x00000000c02176cd        0x0 vfs.o
                0x00000000c02176cd                krnlend = .
OUTPUT(out/disk/boot/codek32 elf32-i386)

.comment        0x0000000000000000       0x34
 .comment       0x0000000000000000       0x34 ata.o
                                         0x35 (size before relaxing)
 .comment       0x0000000000000034       0x35 common.o
 .comment       0x0000000000000034       0x35 ehci.o
 .comment       0x0000000000000034       0x35 elf.o
 .comment       0x0000000000000034       0x35 ext2.o
 .comment       0x0000000000000034       0x35 fat32.o
 .comment       0x0000000000000034       0x35 gdt.o
 .comment       0x0000000000000034       0x35 heap.o
 .comment       0x0000000000000034       0x35 idt.o
 .comment       0x0000000000000034       0x35 irq.o
 .comment       0x0000000000000034       0x35 isr.o
 .comment       0x0000000000000034       0x35 keyboard.o
 .comment       0x0000000000000034       0x35 kmain.o
 .comment       0x0000000000000034       0x35 paging.o
 .comment       0x0000000000000034       0x35 pci.o
 .comment       0x0000000000000034       0x35 pit.o
 .comment       0x0000000000000034       0x35 shell.o
 .comment       0x0000000000000034       0x35 stdio.o
 .comment       0x0000000000000034       0x35 syscall.o
 .comment       0x0000000000000034       0x35 tasking.o
 .comment       0x0000000000000034       0x35 tss.o
 .comment       0x0000000000000034       0x35 vfs.o

.note.GNU-stack
                0x0000000000000000        0x0
 .note.GNU-stack
                0x0000000000000000        0x0 ata.o
 .note.GNU-stack
                0x0000000000000000        0x0 common.o
 .note.GNU-stack
                0x0000000000000000        0x0 ehci.o
 .note.GNU-stack
                0x0000000000000000        0x0 elf.o
 .note.GNU-stack
                0x0000000000000000        0x0 ext2.o
 .note.GNU-stack
                0x0000000000000000        0x0 fat32.o
 .note.GNU-stack
                0x0000000000000000        0x0 gdt.o
 .note.GNU-stack
                0x0000000000000000        0x0 heap.o
 .note.GNU-stack
                0x0000000000000000        0x0 idt.o
 .note.GNU-stack
                0x0000000000000000        0x0 irq.o
 .note.GNU-stack
                0x0000000000000000        0x0 isr.o
 .note.GNU-stack
                0x0000000000000000        0x0 keyboard.o
 .note.GNU-stack
                0x0000000000000000        0x0 kmain.o
 .note.GNU-stack
                0x0000000000000000        0x0 paging.o
 .note.GNU-stack
                0x0000000000000000        0x0 pci.o
 .note.GNU-stack
                0x0000000000000000        0x0 pit.o
 .note.GNU-stack
                0x0000000000000000        0x0 shell.o
 .note.GNU-stack
                0x0000000000000000        0x0 stdio.o
 .note.GNU-stack
                0x0000000000000000        0x0 syscall.o
 .note.GNU-stack
                0x0000000000000000        0x0 tasking.o
 .note.GNU-stack
                0x0000000000000000        0x0 tss.o
 .note.GNU-stack
                0x0000000000000000        0x0 vfs.o
